[    0.000000] Linux version 5.15.0+ (radhika170298@vmubuntu16) (gcc (Ubuntu 5.4.0-6ubuntu1~16.04.12) 5.4.0 20160609, GNU ld (GNU Binutils for Ubuntu) 2.26.1) #2 SMP PREEMPT Sat Nov 6 06:07:52 UTC 2021
[    0.000000] Command line: BOOT_IMAGE=/boot/vmlinuz-5.15.0+ root=UUID=9db3eea5-48fd-4330-bba4-c9802ee85101 ro scsi_mod.use_blk_mq=Y console=ttyS0
[    0.000000] KERNEL supported cpus:
[    0.000000]   Intel GenuineIntel
[    0.000000]   AMD AuthenticAMD
[    0.000000]   Hygon HygonGenuine
[    0.000000]   Centaur CentaurHauls
[    0.000000]   zhaoxin   Shanghai  
[    0.000000] x86/fpu: Supporting XSAVE feature 0x001: 'x87 floating point registers'
[    0.000000] x86/fpu: Supporting XSAVE feature 0x002: 'SSE registers'
[    0.000000] x86/fpu: Supporting XSAVE feature 0x004: 'AVX registers'
[    0.000000] x86/fpu: xstate_offset[2]:  576, xstate_sizes[2]:  256
[    0.000000] x86/fpu: Enabled xstate features 0x7, context size is 832 bytes, using 'standard' format.
[    0.000000] signal: max sigframe size: 1776
[    0.000000] BIOS-provided physical RAM map:
[    0.000000] BIOS-e820: [mem 0x0000000000000000-0x0000000000000fff] reserved
[    0.000000] BIOS-e820: [mem 0x0000000000001000-0x0000000000054fff] usable
[    0.000000] BIOS-e820: [mem 0x0000000000055000-0x000000000005ffff] reserved
[    0.000000] BIOS-e820: [mem 0x0000000000060000-0x0000000000097fff] usable
[    0.000000] BIOS-e820: [mem 0x0000000000098000-0x000000000009ffff] reserved
[    0.000000] BIOS-e820: [mem 0x0000000000100000-0x00000000be8eefff] usable
[    0.000000] BIOS-e820: [mem 0x00000000be8ef000-0x00000000beb6efff] reserved
[    0.000000] BIOS-e820: [mem 0x00000000beb6f000-0x00000000beb7efff] ACPI data
[    0.000000] BIOS-e820: [mem 0x00000000beb7f000-0x00000000bebfefff] ACPI NVS
[    0.000000] BIOS-e820: [mem 0x00000000bebff000-0x00000000bffdffff] usable
[    0.000000] BIOS-e820: [mem 0x00000000bffe0000-0x00000000bfffffff] reserved
[    0.000000] BIOS-e820: [mem 0x0000000100000000-0x00000007bfffffff] usable
[    0.000000] NX (Execute Disable) protection: active
[    0.000000] efi: EFI v2.70 by EDK II
[    0.000000] efi: TPMFinalLog=0xbebf7000 ACPI=0xbeb7e000 ACPI 2.0=0xbeb7e014 SMBIOS=0xbe9cd000 MEMATTR=0xbd5b0018 RNG=0xbe9ced98 TPMEventLog=0xbd5a8018 
[    0.000000] efi: seeding entropy pool
[    0.000000] SMBIOS 2.4 present.
[    0.000000] DMI: Google Google Compute Engine/Google Compute Engine, BIOS Google 01/01/2011
[    0.000000] Hypervisor detected: KVM
[    0.000000] kvm-clock: Using msrs 4b564d01 and 4b564d00
[    0.000000] kvm-clock: cpu 0, msr 712c01001, primary cpu clock
[    0.000001] kvm-clock: using sched offset of 11523760080 cycles
[    0.000004] clocksource: kvm-clock: mask: 0xffffffffffffffff max_cycles: 0x1cd42e4dffb, max_idle_ns: 881590591483 ns
[    0.000009] tsc: Detected 2299.998 MHz processor
[    0.000082] e820: update [mem 0x00000000-0x00000fff] usable ==> reserved
[    0.000086] e820: remove [mem 0x000a0000-0x000fffff] usable
[    0.000090] last_pfn = 0x7c0000 max_arch_pfn = 0x400000000
[    0.000136] x86/PAT: Configuration [0-7]: WB  WC  UC- UC  WB  WP  UC- WT  
[    0.000146] last_pfn = 0xbffe0 max_arch_pfn = 0x400000000
[    0.017175] Using GB pages for direct mapping
[    0.017509] Secure boot disabled
[    0.017510] RAMDISK: [mem 0x3b09a000-0x3d26cfff]
[    0.017514] ACPI: Early table checksum verification disabled
[    0.017519] ACPI: RSDP 0x00000000BEB7E014 000024 (v02 Google)
[    0.017524] ACPI: XSDT 0x00000000BEB7D0E8 00005C (v01 Google GOOGFACP 00000001      01000013)
[    0.017532] ACPI: FACP 0x00000000BEB78000 0000F4 (v02 Google GOOGFACP 00000001 GOOG 00000001)
[    0.017539] ACPI: DSDT 0x00000000BEB79000 001A64 (v01 Google GOOGDSDT 00000001 GOOG 00000001)
[    0.017544] ACPI: FACS 0x00000000BEBF2000 000040
[    0.017549] ACPI: SSDT 0x00000000BEB7C000 000316 (v02 GOOGLE Tpm2Tabl 00001000 INTL 20210730)
[    0.017554] ACPI: TPM2 0x00000000BEB7B000 000034 (v04 GOOGLE          00000001 GOOG 00000001)
[    0.017559] ACPI: SRAT 0x00000000BEB77000 000128 (v03 Google GOOGSRAT 00000001 GOOG 00000001)
[    0.017563] ACPI: APIC 0x00000000BEB76000 0000A6 (v05 Google GOOGAPIC 00000001 GOOG 00000001)
[    0.017568] ACPI: SSDT 0x00000000BEB75000 000BC6 (v01 Google GOOGSSDT 00000001 GOOG 00000001)
[    0.017573] ACPI: WAET 0x00000000BEB74000 000028 (v01 Google GOOGWAET 00000001 GOOG 00000001)
[    0.017576] ACPI: Reserving FACP table memory at [mem 0xbeb78000-0xbeb780f3]
[    0.017579] ACPI: Reserving DSDT table memory at [mem 0xbeb79000-0xbeb7aa63]
[    0.017580] ACPI: Reserving FACS table memory at [mem 0xbebf2000-0xbebf203f]
[    0.017581] ACPI: Reserving SSDT table memory at [mem 0xbeb7c000-0xbeb7c315]
[    0.017583] ACPI: Reserving TPM2 table memory at [mem 0xbeb7b000-0xbeb7b033]
[    0.017584] ACPI: Reserving SRAT table memory at [mem 0xbeb77000-0xbeb77127]
[    0.017585] ACPI: Reserving APIC table memory at [mem 0xbeb76000-0xbeb760a5]
[    0.017586] ACPI: Reserving SSDT table memory at [mem 0xbeb75000-0xbeb75bc5]
[    0.017588] ACPI: Reserving WAET table memory at [mem 0xbeb74000-0xbeb74027]
[    0.017666] SRAT: PXM 0 -> APIC 0x00 -> Node 0
[    0.017668] SRAT: PXM 0 -> APIC 0x01 -> Node 0
[    0.017670] SRAT: PXM 0 -> APIC 0x02 -> Node 0
[    0.017671] SRAT: PXM 0 -> APIC 0x03 -> Node 0
[    0.017672] SRAT: PXM 0 -> APIC 0x04 -> Node 0
[    0.017673] SRAT: PXM 0 -> APIC 0x05 -> Node 0
[    0.017674] SRAT: PXM 0 -> APIC 0x06 -> Node 0
[    0.017675] SRAT: PXM 0 -> APIC 0x07 -> Node 0
[    0.017678] ACPI: SRAT: Node 0 PXM 0 [mem 0x00000000-0x0009ffff]
[    0.017681] ACPI: SRAT: Node 0 PXM 0 [mem 0x00100000-0xbfffffff]
[    0.017682] ACPI: SRAT: Node 0 PXM 0 [mem 0x100000000-0x7bfffffff]
[    0.017685] NUMA: Node 0 [mem 0x00000000-0x0009ffff] + [mem 0x00100000-0xbfffffff] -> [mem 0x00000000-0xbfffffff]
[    0.017688] NUMA: Node 0 [mem 0x00000000-0xbfffffff] + [mem 0x100000000-0x7bfffffff] -> [mem 0x00000000-0x7bfffffff]
[    0.017700] NODE_DATA(0) allocated [mem 0x7bffd5000-0x7bfffffff]
[    0.018451] Zone ranges:
[    0.018453]   DMA      [mem 0x0000000000001000-0x0000000000ffffff]
[    0.018455]   DMA32    [mem 0x0000000001000000-0x00000000ffffffff]
[    0.018457]   Normal   [mem 0x0000000100000000-0x00000007bfffffff]
[    0.018459]   Device   empty
[    0.018461] Movable zone start for each node
[    0.018465] Early memory node ranges
[    0.018465]   node   0: [mem 0x0000000000001000-0x0000000000054fff]
[    0.018467]   node   0: [mem 0x0000000000060000-0x0000000000097fff]
[    0.018469]   node   0: [mem 0x0000000000100000-0x00000000be8eefff]
[    0.018470]   node   0: [mem 0x00000000bebff000-0x00000000bffdffff]
[    0.018471]   node   0: [mem 0x0000000100000000-0x00000007bfffffff]
[    0.018475] Initmem setup node 0 [mem 0x0000000000001000-0x00000007bfffffff]
[    0.018908] On node 0, zone DMA: 1 pages in unavailable ranges
[    0.018910] On node 0, zone DMA: 11 pages in unavailable ranges
[    0.018940] On node 0, zone DMA: 104 pages in unavailable ranges
[    0.034258] On node 0, zone DMA32: 784 pages in unavailable ranges
[    0.174684] On node 0, zone Normal: 32 pages in unavailable ranges
[    0.175081] ACPI: PM-Timer IO Port: 0xb008
[    0.175099] ACPI: LAPIC_NMI (acpi_id[0xff] dfl dfl lint[0x1])
[    0.175170] IOAPIC[0]: apic_id 0, version 17, address 0xfec00000, GSI 0-23
[    0.175174] ACPI: INT_SRC_OVR (bus 0 bus_irq 5 global_irq 5 high level)
[    0.175177] ACPI: INT_SRC_OVR (bus 0 bus_irq 9 global_irq 9 high level)
[    0.175180] ACPI: INT_SRC_OVR (bus 0 bus_irq 10 global_irq 10 high level)
[    0.175181] ACPI: INT_SRC_OVR (bus 0 bus_irq 11 global_irq 11 high level)
[    0.175187] ACPI: Using ACPI (MADT) for SMP configuration information
[    0.175191] smpboot: Allowing 8 CPUs, 0 hotplug CPUs
[    0.175238] PM: hibernation: Registered nosave memory: [mem 0x00000000-0x00000fff]
[    0.175241] PM: hibernation: Registered nosave memory: [mem 0x00055000-0x0005ffff]
[    0.175244] PM: hibernation: Registered nosave memory: [mem 0x00098000-0x0009ffff]
[    0.175245] PM: hibernation: Registered nosave memory: [mem 0x000a0000-0x000fffff]
[    0.175247] PM: hibernation: Registered nosave memory: [mem 0xbe8ef000-0xbeb6efff]
[    0.175248] PM: hibernation: Registered nosave memory: [mem 0xbeb6f000-0xbeb7efff]
[    0.175250] PM: hibernation: Registered nosave memory: [mem 0xbeb7f000-0xbebfefff]
[    0.175252] PM: hibernation: Registered nosave memory: [mem 0xbffe0000-0xbfffffff]
[    0.175253] PM: hibernation: Registered nosave memory: [mem 0xc0000000-0xffffffff]
[    0.175256] [mem 0xc0000000-0xffffffff] available for PCI devices
[    0.175259] Booting paravirtualized kernel on KVM
[    0.175262] clocksource: refined-jiffies: mask: 0xffffffff max_cycles: 0xffffffff, max_idle_ns: 7645519600211568 ns
[    0.175269] setup_percpu: NR_CPUS:8192 nr_cpumask_bits:8 nr_cpu_ids:8 nr_node_ids:1
[    0.175933] percpu: Embedded 60 pages/cpu s208896 r8192 d28672 u262144
[    0.175940] pcpu-alloc: s208896 r8192 d28672 u262144 alloc=1*2097152
[    0.175943] pcpu-alloc: [0] 0 1 2 3 4 5 6 7 
[    0.175972] kvm-guest: PV spinlocks enabled
[    0.175976] PV qspinlock hash table entries: 256 (order: 0, 4096 bytes, linear)
[    0.175988] Built 1 zonelists, mobility grouping on.  Total pages: 7737339
[    0.175990] Policy zone: Normal
[    0.175991] Kernel command line: BOOT_IMAGE=/boot/vmlinuz-5.15.0+ root=UUID=9db3eea5-48fd-4330-bba4-c9802ee85101 ro scsi_mod.use_blk_mq=Y console=ttyS0
[    0.176084] Unknown command line parameters: BOOT_IMAGE=/boot/vmlinuz-5.15.0+
[    0.184254] Dentry cache hash table entries: 4194304 (order: 13, 33554432 bytes, linear)
[    0.188266] Inode-cache hash table entries: 2097152 (order: 12, 16777216 bytes, linear)
[    0.188428] mem auto-init: stack:off, heap alloc:off, heap free:off
[    0.271803] Memory: 30717512K/31453552K available (14345K kernel code, 3497K rwdata, 5076K rodata, 2524K init, 6120K bss, 735780K reserved, 0K cma-reserved)
[    0.271814] random: get_random_u64 called from __kmem_cache_create+0x2e/0x4a0 with crng_init=0
[    0.271943] SLUB: HWalign=64, Order=0-3, MinObjects=0, CPUs=8, Nodes=1
[    0.271962] Kernel/User page tables isolation: enabled
[    0.271987] ftrace: allocating 47409 entries in 186 pages
[    0.287658] ftrace: allocated 186 pages with 5 groups
[    0.288574] Dynamic Preempt: none
[    0.289080] rcu: Preemptible hierarchical RCU implementation.
[    0.289081] rcu: 	RCU restricting CPUs from NR_CPUS=8192 to nr_cpu_ids=8.
[    0.289083] 	Trampoline variant of Tasks RCU enabled.
[    0.289084] 	Rude variant of Tasks RCU enabled.
[    0.289085] 	Tracing variant of Tasks RCU enabled.
[    0.289086] rcu: RCU calculated value of scheduler-enlistment delay is 25 jiffies.
[    0.289087] rcu: Adjusting geometry for rcu_fanout_leaf=16, nr_cpu_ids=8
[    0.293191] NR_IRQS: 524544, nr_irqs: 488, preallocated irqs: 16
[    0.293464] Console: colour dummy device 80x25
[    0.438102] printk: console [ttyS0] enabled
[    0.438861] ACPI: Core revision 20210930
[    0.440095] APIC: Switch to symmetric I/O mode setup
[    0.441395] x2apic enabled
[    0.444489] Switched APIC routing to physical x2apic.
[    0.449514] ..TIMER: vector=0x30 apic1=0 pin1=0 apic2=-1 pin2=-1
[    0.450609] clocksource: tsc-early: mask: 0xffffffffffffffff max_cycles: 0x212733415c7, max_idle_ns: 440795236380 ns
[    0.452448] Calibrating delay loop (skipped) preset value.. 4599.99 BogoMIPS (lpj=9199992)
[    0.453769] pid_max: default: 32768 minimum: 301
[    0.457414] LSM: Security Framework initializing
[    0.458331] Yama: becoming mindful.
[    0.459032] AppArmor: AppArmor initialized
[    0.459617] TOMOYO Linux initialized
[    0.460352] Mount-cache hash table entries: 65536 (order: 7, 524288 bytes, linear)
[    0.460507] Mountpoint-cache hash table entries: 65536 (order: 7, 524288 bytes, linear)
[    0.462365] Last level iTLB entries: 4KB 1024, 2MB 1024, 4MB 1024
[    0.463406] Last level dTLB entries: 4KB 1024, 2MB 1024, 4MB 1024, 1GB 4
[    0.464455] Spectre V1 : Mitigation: usercopy/swapgs barriers and __user pointer sanitization
[    0.465633] Spectre V2 : Mitigation: Full generic retpoline
[    0.466442] Spectre V2 : Spectre v2 / SpectreRSB mitigation: Filling RSB on context switch
[    0.468444] Spectre V2 : Enabling Restricted Speculation for firmware calls
[    0.469560] Spectre V2 : mitigation: Enabling conditional Indirect Branch Prediction Barrier
[    0.470767] Spectre V2 : User space: Mitigation: STIBP via prctl
[    0.471604] Speculative Store Bypass: Mitigation: Speculative Store Bypass disabled via prctl
[    0.472447] MDS: Mitigation: Clear CPU buffers
[    0.476737] Freeing SMP alternatives memory: 40K
[    0.585560] smpboot: CPU0: Intel(R) Xeon(R) CPU @ 2.30GHz (family: 0x6, model: 0x3f, stepping: 0x0)
[    0.587168] Performance Events: unsupported p6 CPU model 63 no PMU driver, software events only.
[    0.588443] rcu: Hierarchical SRCU implementation.
[    0.589135] NMI watchdog: Perf NMI watchdog permanently disabled
[    0.590089] smp: Bringing up secondary CPUs ...
[    0.590837] x86: Booting SMP configuration:
[    0.591446] .... node  #0, CPUs:      #1
[    0.151044] kvm-clock: cpu 1, msr 712c01041, secondary cpu clock
[    0.592714]  #2
[    0.151044] kvm-clock: cpu 2, msr 712c01081, secondary cpu clock
[    0.594163]  #3
[    0.151044] kvm-clock: cpu 3, msr 712c010c1, secondary cpu clock
[    0.596492]  #4
[    0.151044] kvm-clock: cpu 4, msr 712c01101, secondary cpu clock
[    0.598409] MDS CPU bug present and SMT on, data leak possible. See https://www.kernel.org/doc/html/latest/admin-guide/hw-vuln/mds.html for more details.
[    0.600574]  #5
[    0.151044] kvm-clock: cpu 5, msr 712c01141, secondary cpu clock
[    0.601494]  #6
[    0.151044] kvm-clock: cpu 6, msr 712c01181, secondary cpu clock
[    0.604973]  #7
[    0.151044] kvm-clock: cpu 7, msr 712c011c1, secondary cpu clock
[    0.606481] smp: Brought up 1 node, 8 CPUs
[    0.608447] smpboot: Max logical packages: 1
[    0.609063] smpboot: Total of 8 processors activated (36799.96 BogoMIPS)
[    0.612486] devtmpfs: initialized
[    0.613220] x86/mm: Memory block size: 128MB
[    0.615880] ACPI: PM: Registering ACPI NVS region [mem 0xbeb7f000-0xbebfefff] (524288 bytes)
[    0.616518] clocksource: jiffies: mask: 0xffffffff max_cycles: 0xffffffff, max_idle_ns: 7645041785100000 ns
[    0.617809] futex hash table entries: 2048 (order: 5, 131072 bytes, linear)
[    0.619400] pinctrl core: initialized pinctrl subsystem
[    0.621438] PM: RTC time: 18:13:42, date: 2021-11-06
[    0.622715] NET: Registered PF_NETLINK/PF_ROUTE protocol family
[    0.623710] DMA: preallocated 4096 KiB GFP_KERNEL pool for atomic allocations
[    0.624454] DMA: preallocated 4096 KiB GFP_KERNEL|GFP_DMA pool for atomic allocations
[    0.625604] DMA: preallocated 4096 KiB GFP_KERNEL|GFP_DMA32 pool for atomic allocations
[    0.626867] audit: initializing netlink subsys (disabled)
[    0.627684] audit: type=2000 audit(1636222422.482:1): state=initialized audit_enabled=0 res=1
[    0.627684] thermal_sys: Registered thermal governor 'fair_share'
[    0.628447] thermal_sys: Registered thermal governor 'bang_bang'
[    0.629299] thermal_sys: Registered thermal governor 'step_wise'
[    0.630264] thermal_sys: Registered thermal governor 'user_space'
[    0.632474] cpuidle: using governor ladder
[    0.634197] cpuidle: using governor menu
[    0.634919] acpiphp: ACPI Hot Plug PCI Controller Driver version: 0.5
[    0.636030] PCI: Using configuration type 1 for base access
[    0.638164] kprobes: kprobe jump-optimization is enabled. All kprobes are optimized if possible.
[    0.640467] HugeTLB registered 1.00 GiB page size, pre-allocated 0 pages
[    0.641419] HugeTLB registered 2.00 MiB page size, pre-allocated 0 pages
[    0.642626] ACPI: Added _OSI(Module Device)
[    0.642626] ACPI: Added _OSI(Processor Device)
[    0.644447] ACPI: Added _OSI(3.0 _SCP Extensions)
[    0.645340] ACPI: Added _OSI(Processor Aggregator Device)
[    0.646255] ACPI: Added _OSI(Linux-Dell-Video)
[    0.647027] ACPI: Added _OSI(Linux-Lenovo-NV-HDMI-Audio)
[    0.647818] ACPI: Added _OSI(Linux-HPI-Hybrid-Graphics)
[    0.649553] ACPI: 3 ACPI AML tables successfully acquired and loaded
[    0.651824] ACPI: Interpreter enabled
[    0.652466] ACPI: PM: (supports S0 S3 S4 S5)
[    0.653111] ACPI: Using IOAPIC for interrupt routing
[    0.654150] PCI: Using host bridge windows from ACPI; if necessary, use "pci=nocrs" and report a bug
[    0.655661] ACPI: Enabled 16 GPEs in block 00 to 0F
[    0.658997] ACPI: PCI Root Bridge [PCI0] (domain 0000 [bus 00-ff])
[    0.659892] acpi PNP0A03:00: _OSC: OS supports [ASPM ClockPM Segments MSI HPX-Type3]
[    0.660455] acpi PNP0A03:00: fail to add MMCONFIG information, can't access extended PCI configuration space under this bridge.
[    0.662898] PCI host bridge to bus 0000:00
[    0.663562] pci_bus 0000:00: root bus resource [io  0x0000-0x0cf7 window]
[    0.664445] pci_bus 0000:00: root bus resource [io  0x0d00-0xffff window]
[    0.665440] pci_bus 0000:00: root bus resource [mem 0x000a0000-0x000bffff window]
[    0.666750] pci_bus 0000:00: root bus resource [mem 0xc0000000-0xfebfefff window]
[    0.668446] pci_bus 0000:00: root bus resource [bus 00-ff]
[    0.669324] pci 0000:00:00.0: [8086:1237] type 00 class 0x060000
[    0.672918] pci 0000:00:01.0: [8086:7110] type 00 class 0x060100
[    0.696724] pci 0000:00:01.3: [8086:7113] type 00 class 0x068000
[    0.720501] pci 0000:00:01.3: quirk: [io  0xb000-0xb03f] claimed by PIIX4 ACPI
[    0.722153] pci 0000:00:03.0: [1af4:1004] type 00 class 0x000000
[    0.732451] pci 0000:00:03.0: reg 0x10: [io  0xc040-0xc07f]
[    0.739443] pci 0000:00:03.0: reg 0x14: [mem 0xc0001000-0xc000107f]
[    0.756873] pci 0000:00:04.0: [1af4:1000] type 00 class 0x020000
[    0.766067] pci 0000:00:04.0: reg 0x10: [io  0xc000-0xc03f]
[    0.772449] pci 0000:00:04.0: reg 0x14: [mem 0xc0000000-0xc00001ff]
[    0.792866] pci 0000:00:05.0: [1af4:1005] type 00 class 0x00ff00
[    0.804449] pci 0000:00:05.0: reg 0x10: [io  0xc080-0xc09f]
[    0.812449] pci 0000:00:05.0: reg 0x14: [mem 0xc0002000-0xc000203f]
[    0.833387] ACPI: PCI: Interrupt link LNKA configured for IRQ 10
[    0.836529] ACPI: PCI: Interrupt link LNKB configured for IRQ 10
[    0.840502] ACPI: PCI: Interrupt link LNKC configured for IRQ 11
[    0.844014] ACPI: PCI: Interrupt link LNKD configured for IRQ 11
[    0.846346] ACPI: PCI: Interrupt link LNKS configured for IRQ 9
[    0.849250] iommu: Default domain type: Translated 
[    0.849543] iommu: DMA domain TLB invalidation policy: lazy mode 
[    0.850587] vgaarb: loaded
[    0.852657] SCSI subsystem initialized
[    0.853507] libata version 3.00 loaded.
[    0.853507] ACPI: bus type USB registered
[    0.853507] usbcore: registered new interface driver usbfs
[    0.854382] usbcore: registered new interface driver hub
[    0.856467] usbcore: registered new device driver usb
[    0.857591] EDAC MC: Ver: 3.0.0
[    0.857591] Registered efivars operations
[    0.857592] NetLabel: Initializing
[    0.860446] NetLabel:  domain hash size = 128
[    0.861580] NetLabel:  protocols = UNLABELED CIPSOv4 CALIPSO
[    0.863122] NetLabel:  unlabeled traffic allowed by default
[    0.864475] PCI: Using ACPI for IRQ routing
[    0.865318] PCI: pci_cache_line_size set to 64 bytes
[    0.865423] e820: reserve RAM buffer [mem 0x00055000-0x0005ffff]
[    0.865425] e820: reserve RAM buffer [mem 0x00098000-0x0009ffff]
[    0.865427] e820: reserve RAM buffer [mem 0xbe8ef000-0xbfffffff]
[    0.865428] e820: reserve RAM buffer [mem 0xbffe0000-0xbfffffff]
[    0.865445] clocksource: Switched to clocksource kvm-clock
[    0.877210] VFS: Disk quotas dquot_6.6.0
[    0.878021] VFS: Dquot-cache hash table entries: 512 (order 0, 4096 bytes)
[    0.879581] AppArmor: AppArmor Filesystem Enabled
[    0.880565] pnp: PnP ACPI init
[    0.881852] pnp: PnP ACPI: found 7 devices
[    0.889366] clocksource: acpi_pm: mask: 0xffffff max_cycles: 0xffffff, max_idle_ns: 2085701024 ns
[    0.891611] NET: Registered PF_INET protocol family
[    0.893084] IP idents hash table entries: 262144 (order: 9, 2097152 bytes, linear)
[    0.896543] tcp_listen_portaddr_hash hash table entries: 16384 (order: 6, 262144 bytes, linear)
[    0.898730] TCP established hash table entries: 262144 (order: 9, 2097152 bytes, linear)
[    0.901348] TCP bind hash table entries: 65536 (order: 8, 1048576 bytes, linear)
[    0.903417] TCP: Hash tables configured (established 262144 bind 65536)
[    0.905028] UDP hash table entries: 16384 (order: 7, 524288 bytes, linear)
[    0.906228] UDP-Lite hash table entries: 16384 (order: 7, 524288 bytes, linear)
[    0.907695] NET: Registered PF_UNIX/PF_LOCAL protocol family
[    0.909043] pci_bus 0000:00: resource 4 [io  0x0000-0x0cf7 window]
[    0.910237] pci_bus 0000:00: resource 5 [io  0x0d00-0xffff window]
[    0.911678] pci_bus 0000:00: resource 6 [mem 0x000a0000-0x000bffff window]
[    0.913242] pci_bus 0000:00: resource 7 [mem 0xc0000000-0xfebfefff window]
[    0.914884] pci 0000:00:00.0: Limiting direct PCI/PCI transfers
[    0.916098] PCI: CLS 0 bytes, default 64
[    0.917114] PCI-DMA: Using software bounce buffering for IO (SWIOTLB)
[    0.917646] Trying to unpack rootfs image as initramfs...
[    0.918930] software IO TLB: mapped [mem 0x00000000b6ff7000-0x00000000baff7000] (64MB)
[    0.922805] clocksource: tsc: mask: 0xffffffffffffffff max_cycles: 0x212733415c7, max_idle_ns: 440795236380 ns
[    0.924816] clocksource: Switched to clocksource tsc
[    0.926951] Initialise system trusted keyrings
[    0.928464] Key type blacklist registered
[    0.930208] workingset: timestamp_bits=36 max_order=23 bucket_order=0
[    0.933234] zbud: loaded
[    0.934113] squashfs: version 4.0 (2009/01/31) Phillip Lougher
[    0.935581] fuse: init (API version 7.34)
[    0.945003] Key type asymmetric registered
[    0.945935] Asymmetric key parser 'x509' registered
[    0.946764] Block layer SCSI generic (bsg) driver version 0.4 loaded (major 247)
[    0.948711] io scheduler mq-deadline registered
[    0.950389] input: Power Button as /devices/LNXSYSTM:00/LNXPWRBN:00/input/input0
[    0.951593] ACPI: button: Power Button [PWRF]
[    0.952423] input: Sleep Button as /devices/LNXSYSTM:00/LNXSLPBN:00/input/input1
[    0.953703] ACPI: button: Sleep Button [SLPF]
[    0.957228] ACPI: \_SB_.LNKC: Enabled at IRQ 11
[    0.958041] virtio-pci 0000:00:03.0: virtio_pci: leaving for legacy driver
[    0.964105] ACPI: \_SB_.LNKD: Enabled at IRQ 10
[    0.964916] virtio-pci 0000:00:04.0: virtio_pci: leaving for legacy driver
[    0.970697] ACPI: \_SB_.LNKA: Enabled at IRQ 10
[    0.971562] virtio-pci 0000:00:05.0: virtio_pci: leaving for legacy driver
[    0.975474] Serial: 8250/16550 driver, 32 ports, IRQ sharing enabled
[    0.977160] 00:03: ttyS0 at I/O 0x3f8 (irq = 4, base_baud = 115200) is a 16550A
[    0.978719] 00:04: ttyS1 at I/O 0x2f8 (irq = 3, base_baud = 115200) is a 16550A
[    0.980191] 00:05: ttyS2 at I/O 0x3e8 (irq = 6, base_baud = 115200) is a 16550A
[    0.981870] 00:06: ttyS3 at I/O 0x2e8 (irq = 7, base_baud = 115200) is a 16550A
[    0.984215] Linux agpgart interface v0.103
[    0.986659] tpm_tis MSFT0101:00: 2.0 TPM (device-id 0x9009, rev-id 0)
[    1.000953] loop: module loaded
[    1.014068] scsi host0: Virtio SCSI HBA
[    1.020492] libphy: Fixed MDIO Bus: probed
[    1.020749] scsi 0:0:1:0: Direct-Access     Google   PersistentDisk   1    PQ: 0 ANSI: 6
[    1.021474] tun: Universal TUN/TAP device driver, 1.6
[    1.023433] PPP generic driver version 2.4.2
[    1.024164] ehci_hcd: USB 2.0 'Enhanced' Host Controller (EHCI) Driver
[    1.025210] ehci-pci: EHCI PCI platform driver
[    1.026106] ehci-platform: EHCI generic platform driver
[    1.026852] ohci_hcd: USB 1.1 'Open' Host Controller (OHCI) Driver
[    1.027749] ohci-pci: OHCI PCI platform driver
[    1.028408] ohci-platform: OHCI generic platform driver
[    1.029314] uhci_hcd: USB Universal Host Controller Interface driver
[    1.030431] i8042: PNP: PS/2 Controller [PNP0303:KBD,PNP0f13:MOU] at 0x60,0x64 irq 1,12
[    1.031655] i8042: Warning: Keylock active
[    1.033960] serio: i8042 KBD port at 0x60,0x64 irq 1
[    1.034751] serio: i8042 AUX port at 0x60,0x64 irq 12
[    1.035778] mousedev: PS/2 mouse device common for all mice
[    1.036963] rtc_cmos 00:00: RTC can wake from S4
[    1.038549] rtc_cmos 00:00: registered as rtc0
[    1.039286] rtc_cmos 00:00: setting system clock to 2021-11-06T18:13:43 UTC (1636222423)
[    1.040408] rtc_cmos 00:00: alarms up to one day, 114 bytes nvram
[    1.041269] i2c_dev: i2c /dev entries driver
[    1.041902] device-mapper: core: CONFIG_IMA_DISABLE_HTABLE is disabled. Duplicate IMA measurements will not be recorded in the IMA log.
[    1.043787] device-mapper: uevent: version 1.0.3
[    1.044578] device-mapper: ioctl: 4.45.0-ioctl (2021-03-22) initialised: dm-devel@redhat.com
[    1.045854] intel_pstate: CPU model not supported
[    1.046944] ledtrig-cpu: registered to indicate activity on CPUs
[    1.047950] EFI Variables Facility v0.08 2004-May-17
[    1.050746] random: fast init done
[    1.052176] scsi 0:0:1:0: Attached scsi generic sg0 type 0
[    1.053402] sd 0:0:1:0: [sda] 419430400 512-byte logical blocks: (215 GB/200 GiB)
[    1.053522] NET: Registered PF_INET6 protocol family
[    1.054455] sd 0:0:1:0: [sda] 4096-byte physical blocks
[    1.054504] sd 0:0:1:0: [sda] Write Protect is off
[    1.056742] sd 0:0:1:0: [sda] Mode Sense: 1f 00 00 08
[    1.056831] sd 0:0:1:0: [sda] Write cache: enabled, read cache: enabled, doesn't support DPO or FUA
[    1.084850]  sda: sda1 sda14 sda15
[    1.132988] sd 0:0:1:0: [sda] Attached SCSI disk
[    1.240740] input: AT Translated Set 2 keyboard as /devices/platform/i8042/serio0/input/input2
[    1.551615] Freeing initrd memory: 34636K
[    1.556691] Segment Routing with IPv6
[    1.557388] In-situ OAM (IOAM) with IPv6
[    1.557981] NET: Registered PF_PACKET protocol family
[    1.558808] Key type dns_resolver registered
[    1.560501] IPI shorthand broadcast: enabled
[    1.561183] sched_clock: Marking stable (1413405219, 147044370)->(1563291618, -2842029)
[    1.562649] registered taskstats version 1
[    1.563658] Loading compiled-in X.509 certificates
[    1.565440] Loaded X.509 cert 'Build time autogenerated kernel key: 6534c898b6d56429c741d8c36df8e035d6224c63'
[    1.567798] zswap: loaded using pool lzo/zbud
[    1.569097] Key type ._fscrypt registered
[    1.569680] Key type .fscrypt registered
[    1.570239] Key type fscrypt-provisioning registered
[    1.571432] Key type trusted registered
[    1.574298] Key type encrypted registered
[    1.574908] AppArmor: AppArmor sha1 policy hashing enabled
[    1.575759] ima: Allocated hash algorithm: sha1
[    1.596214] ima: No architecture policies found
[    1.597064] evm: Initialising EVM extended attributes:
[    1.597897] evm: security.selinux
[    1.598427] evm: security.SMACK64
[    1.598927] evm: security.SMACK64EXEC
[    1.599487] evm: security.SMACK64TRANSMUTE
[    1.600070] evm: security.SMACK64MMAP
[    1.600596] evm: security.apparmor
[    1.601072] evm: security.ima
[    1.601543] evm: security.capability
[    1.602040] evm: HMAC attrs: 0x1
[    1.605785] PM:   Magic number: 13:558:240
[    1.606596] memory memory118: hash matches
[    1.607516] RAS: Correctable Errors collector initialized.
[    1.610049] Freeing unused decrypted memory: 2036K
[    1.611616] Freeing unused kernel image (initmem) memory: 2524K
[    1.648581] Write protecting the kernel read-only data: 22528k
[    1.650467] Freeing unused kernel image (text/rodata gap) memory: 2036K
[    1.651902] Freeing unused kernel image (rodata/data gap) memory: 1068K
[    1.710887] x86/mm: Checked W+X mappings: passed, no W+X pages found.
[    1.712023] x86/mm: Checking user space page tables
[    1.772250] x86/mm: Checked W+X mappings: passed, no W+X pages found.
[    1.773480] Run /init as init process
[    1.774087]   with arguments:
[    1.774089]     /init
[    1.774090]   with environment:
[    1.774091]     HOME=/
[    1.774092]     TERM=linux
[    1.774092]     BOOT_IMAGE=/boot/vmlinuz-5.15.0+
[    1.790160] random: systemd-udevd: uninitialized urandom read (16 bytes read)
[    1.791018] random: udevadm: uninitialized urandom read (16 bytes read)
[    1.791617] random: systemd-udevd: uninitialized urandom read (16 bytes read)
[    1.935936] cryptd: max_cpu_qlen set to 1000
[    1.976126] AVX2 version of gcm_enc/dec engaged.
[    1.977811] AES CTR mode by8 optimization enabled
[    2.001001] virtio_net virtio1 ens4: renamed from eth0
[    2.741913] input: ImExPS/2 Generic Explorer Mouse as /devices/platform/i8042/serio1/input/input4
[    3.248457] raid6: avx2x4   gen() 17984 MB/s
[    3.316456] raid6: avx2x4   xor()  7630 MB/s
[    3.384457] raid6: avx2x2   gen() 17920 MB/s
[    3.452455] raid6: avx2x2   xor() 17642 MB/s
[    3.520455] raid6: avx2x1   gen() 14174 MB/s
[    3.588457] raid6: avx2x1   xor() 14999 MB/s
[    3.656455] raid6: sse2x4   gen() 10798 MB/s
[    3.724458] raid6: sse2x4   xor()  6354 MB/s
[    3.792457] raid6: sse2x2   gen() 11177 MB/s
[    3.860455] raid6: sse2x2   xor()  7299 MB/s
[    3.928460] raid6: sse2x1   gen() 10206 MB/s
[    3.996456] raid6: sse2x1   xor()  5357 MB/s
[    3.997720] raid6: using algorithm avx2x4 gen() 17984 MB/s
[    3.999000] raid6: .... xor() 7630 MB/s, rmw enabled
[    3.999819] raid6: using avx2x2 recovery algorithm
[    4.001830] xor: automatically using best checksumming function   avx       
[    4.004163] async_tx: api initialized (async)
[    4.070484] Btrfs loaded, crc32c=crc32c-intel, zoned=yes, fsverity=no
[    4.106526] process '/bin/fstype' started with executable stack
[    4.151052] EXT4-fs (sda1): mounted filesystem with ordered data mode. Opts: (null). Quota mode: none.
[    4.247589] Not activating Mandatory Access Control as /sbin/tomoyo-init does not exist.
[    4.389051] systemd[1]: systemd 229 running in system mode. (+PAM +AUDIT +SELINUX +IMA +APPARMOR +SMACK +SYSVINIT +UTMP +LIBCRYPTSETUP +GCRYPT +GNUTLS +ACL +XZ -LZ4 +SECCOMP +BLKID +ELFUTILS +KMOD -IDN)
[    4.393473] systemd[1]: Detected virtualization kvm.
[    4.394779] systemd[1]: Detected architecture x86-64.
[    4.413086] systemd[1]: Set hostname to <vmubuntu16>.
[    4.598465] systemd[1]: Listening on LVM2 metadata daemon socket.
[    4.612638] systemd[1]: Listening on Journal Socket (/dev/log).
[    4.624620] systemd[1]: Listening on Device-mapper event daemon FIFOs.
[    4.637216] systemd[1]: Created slice System Slice.
[    4.648946] systemd[1]: Created slice system-serial\x2dgetty.slice.
[    4.651326] systemd[1]: Reached target Swap.
[    4.793040] EXT4-fs (sda1): re-mounted. Opts: (null). Quota mode: none.
[    4.837183] Loading iSCSI transport class v2.0-870.
[    4.846259] iscsi: registered transport (tcp)
[    4.884545] iscsi: registered transport (iser)
[    5.278998] systemd-journald[447]: Received request to flush runtime journal from PID 1
[    5.366609] pstore: Using crash dump compression: deflate
[    5.366620] pstore: Registered efi as persistent store backend
[    5.371486] piix4_smbus 0000:00:01.3: SMBus base address uninitialized - upgrade BIOS or use force_addr=0xaddr
[    5.536727] random: crng init done
[    5.536731] random: 7 urandom warning(s) missed due to ratelimiting
[    5.640414] RAPL PMU: API unit is 2^-32 Joules, 0 fixed counters, 10737418240 ms ovfl timer
[    6.033224] audit: type=1400 audit(1636222428.491:2): apparmor="STATUS" operation="profile_load" profile="unconfined" name="/usr/bin/lxc-start" pid=769 comm="apparmor_parser"
[    6.038696] audit: type=1400 audit(1636222428.495:3): apparmor="STATUS" operation="profile_load" profile="unconfined" name="/usr/lib/lxd/lxd-bridge-proxy" pid=770 comm="apparmor_parser"
[    6.039780] audit: type=1400 audit(1636222428.495:4): apparmor="STATUS" operation="profile_load" profile="unconfined" name="/usr/sbin/ntpd" pid=772 comm="apparmor_parser"
[    6.041406] audit: type=1400 audit(1636222428.499:5): apparmor="STATUS" operation="profile_load" profile="unconfined" name="/usr/lib/snapd/snap-confine" pid=771 comm="apparmor_parser"
[    6.041411] audit: type=1400 audit(1636222428.499:6): apparmor="STATUS" operation="profile_load" profile="unconfined" name="/usr/lib/snapd/snap-confine//mount-namespace-capture-helper" pid=771 comm="apparmor_parser"
[    6.042520] audit: type=1400 audit(1636222428.499:7): apparmor="STATUS" operation="profile_load" profile="unconfined" name="/usr/sbin/tcpdump" pid=774 comm="apparmor_parser"
[    6.046302] audit: type=1400 audit(1636222428.503:8): apparmor="STATUS" operation="profile_load" profile="unconfined" name="lxc-container-default" pid=767 comm="apparmor_parser"
[    6.046307] audit: type=1400 audit(1636222428.503:9): apparmor="STATUS" operation="profile_load" profile="unconfined" name="lxc-container-default-cgns" pid=767 comm="apparmor_parser"
[    6.046310] audit: type=1400 audit(1636222428.503:10): apparmor="STATUS" operation="profile_load" profile="unconfined" name="lxc-container-default-with-mounting" pid=767 comm="apparmor_parser"
[    6.046313] audit: type=1400 audit(1636222428.503:11): apparmor="STATUS" operation="profile_load" profile="unconfined" name="lxc-container-default-with-nesting" pid=767 comm="apparmor_parser"
[    8.501021] new mount options do not match the existing superblock, will be ignored
[    8.849848] loop0: detected capacity change from 0 to 8
[   14.931575] loop0: detected capacity change from 0 to 8
[ 2990.034812] cmpe283_1: loading out-of-tree module taints kernel.
[ 2990.034847] cmpe283_1: module verification failed: signature and/or required key missing - tainting kernel
[ 2990.036497] CMPE 283 Assignment 1 Module Start
[ 2990.036502] Pinbased Controls MSR: 0x3f00000016
[ 2990.036504]   External Interrupt Exiting: Can set=Yes, Can clear=Yes
[ 2990.036505]   NMI Exiting: Can set=Yes, Can clear=Yes
[ 2990.036506]   Virtual NMIs: Can set=Yes, Can clear=Yes
[ 2990.036507]   Activate VMX Preemption Timer: Can set=No, Can clear=Yes
[ 2990.036508]   Process Posted Interrupts: Can set=No, Can clear=Yes
[ 4806.565168] CMPE 283 Assignment 1 Module Exits
[ 4816.939934] CMPE 283 Assignment 1 Module Start
[ 4816.939941] Pinbased Controls MSR: 0x3f00000016
[ 4816.939943]   External Interrupt Exiting: Can set=Yes, Can clear=Yes
[ 4816.939944]   NMI Exiting: Can set=Yes, Can clear=Yes
[ 4816.939945]   Virtual NMIs: Can set=Yes, Can clear=Yes
[ 4816.939946]   Activate VMX Preemption Timer: Can set=No, Can clear=Yes
[ 4816.939947]   Process Posted Interrupts: Can set=No, Can clear=Yes
[ 4816.939949] Primary Process based Controls MSR: 0xf7b9fffe0401e172
[ 4816.939951]   Interrupt Window Exiting: Can set=Yes, Can clear=Yes
[ 4816.939952]   Use TSC Offsetting: Can set=Yes, Can clear=Yes
[ 4816.939953]   HLT exiting: Can set=Yes, Can clear=Yes
[ 4816.939953]   INVLPG exiting: Can set=Yes, Can clear=Yes
[ 4816.939954]   MWAIT exiting: Can set=Yes, Can clear=Yes
[ 4816.939955]   RDPMC exiting: Can set=Yes, Can clear=Yes
[ 4816.939956]   RDTSC exiting: Can set=Yes, Can clear=Yes
[ 4816.939957]   CR3-load exiting: Can set=Yes, Can clear=No
[ 4816.939958]   CR3-store exiting: Can set=Yes, Can clear=No
[ 4816.939959]   CR8-load exiting: Can set=Yes, Can clear=Yes
[ 4816.939959]   CR8-store exiting: Can set=Yes, Can clear=Yes
[ 4816.939960]   Use TPR shadow: Can set=Yes, Can clear=Yes
[ 4816.939961]   NMI-window exiting: Can set=No, Can clear=Yes
[ 4816.939962]   MOV-DR exiting: Can set=Yes, Can clear=Yes
[ 4816.939963]   Unconditional I/O exiting: Can set=Yes, Can clear=Yes
[ 4816.939964]   Use I/O bitmaps: Can set=Yes, Can clear=Yes
[ 4816.939965]   Monitor trap flag: Can set=No, Can clear=Yes
[ 4816.939966]   Use MSR bitmaps: Can set=Yes, Can clear=Yes
[ 4816.939966]   MONITOR exiting: Can set=Yes, Can clear=Yes
[ 4816.939967]   PAUSE exiting: Can set=Yes, Can clear=Yes
[ 4816.939968]   Activate secondary controls: Can set=Yes, Can clear=Yes
[ 4816.939972] Secondary Process based Controls MSR: 0x51ff00000000
[ 4816.939974]   Virtualize APIC accesses: Can set=Yes, Can clear=Yes
[ 4816.939974]   Enable EPT: Can set=Yes, Can clear=Yes
[ 4816.939975]   Descriptor-table exiting: Can set=Yes, Can clear=Yes
[ 4816.939976]   Enable RDTSCP: Can set=Yes, Can clear=Yes
[ 4816.939977]   Virtualize x2APIC mode: Can set=Yes, Can clear=Yes
[ 4816.939977]   Enable VPID: Can set=Yes, Can clear=Yes
[ 4816.939978]   WBINVD exiting: Can set=Yes, Can clear=Yes
[ 4816.939979]   Unrestricted guest: Can set=Yes, Can clear=Yes
[ 4816.939980]   APIC-register virtualization: Can set=Yes, Can clear=Yes
[ 4816.939981]   Virtual-interrupt delivery: Can set=No, Can clear=Yes
[ 4816.939982]   PAUSE-loop exiting: Can set=No, Can clear=Yes
[ 4816.939983]   RDRAND exiting: Can set=No, Can clear=Yes
[ 4816.939984]   Enable INVPCID: Can set=Yes, Can clear=Yes
[ 4816.939985]   Enable VM functions: Can set=No, Can clear=Yes
[ 4816.939986]   VMCS shadowing: Can set=Yes, Can clear=Yes
[ 4816.939986]   Enable ENCLS exiting: Can set=No, Can clear=Yes
[ 4816.939987]   RDSEED exiting: Can set=No, Can clear=Yes
[ 4816.939988]   Enable PML: Can set=No, Can clear=Yes
[ 4816.939989]   EPT-violation #VE: Can set=No, Can clear=Yes
[ 4816.939990]   Conceal VMX non-root operation from Intel PT: Can set=No, Can clear=Yes
[ 4816.939991]   Enable XSAVES/XRSTORS: Can set=No, Can clear=Yes
[ 4816.939992]   Mode-based execute control for EPT: Can set=No, Can clear=Yes
[ 4816.939992]   Use TSC scaling: Can set=No, Can clear=Yes
[ 4816.939994] VM Entry based Controls MSR: 0xd3ff000011ff
[ 4816.939995]   Load debug controls: Can set=Yes, Can clear=No
[ 4816.939996]   IA-32e mode guest: Can set=Yes, Can clear=Yes
[ 4816.939997]   Entry to SMM: Can set=No, Can clear=Yes
[ 4816.939997]   Deactivate dual-monitor treatment: Can set=No, Can clear=Yes
[ 4816.939998]   Load IA32_PERF_GLOBAL_CTRL: Can set=No, Can clear=Yes
[ 4816.939999]   Load IA32_PAT: Can set=Yes, Can clear=Yes
[ 4816.940000]   Load IA32_EFFER: Can set=Yes, Can clear=Yes
[ 4816.940000]   Load IA32_BNDCFGS: Can set=No, Can clear=Yes
[ 4816.940001]   Conceal VM entries from Intel PT: Can set=No, Can clear=Yes
[ 4816.940003] VM Exit based Controls MSR: 0x3fefff00036dff
[ 4816.940004]   Save debug controls: Can set=Yes, Can clear=No
[ 4816.940005]   Host address-space size: Can set=Yes, Can clear=Yes
[ 4816.940006]   Load IA32_PERF_GLOBAL_CTRL: Can set=No, Can clear=Yes
[ 4816.940006]   Acknowledge interrupt on exit: Can set=Yes, Can clear=Yes
[ 4816.940007]   Save IA32_PAT: Can set=Yes, Can clear=Yes
[ 4816.940008]   Load IA32_PAT: Can set=Yes, Can clear=Yes
[ 4816.940009]   Save IA32_EFFER: Can set=Yes, Can clear=Yes
[ 4816.940010]   Load IA32_EFFER: Can set=Yes, Can clear=Yes
[ 4816.940011]   Save VMX-preemption timer value: Can set=No, Can clear=Yes
[ 4816.940011]   Clear IA32_BNDCFGS: Can set=No, Can clear=Yes
[ 4816.940012]   Conceal VM exits from Intel PT: Can set=No, Can clear=Yes
[ 5012.516648] CMPE 283 Assignment 1 Module Exits
